TIME_ZONE="America/New_York"
KALTURA_VIRTUAL_HOST_PORT="443"
KALTURA_FULL_VIRTUAL_HOST_NAME="@HOSTNAME@:$KALTURA_VIRTUAL_HOST_PORT"
KALTURA_VIRTUAL_HOST_NAME="@HOSTNAME@"
DB1_NAME="kaltura"
DB1_USER="kaltura"
PROTOCOL="https"
SERVICE_URL="$PROTOCOL://$KALTURA_FULL_VIRTUAL_HOST_NAME"
SPHINX_SERVER1="@HOSTNAME@"
SPHINX_SERVER2=" "
SPHINX_DB_HOST="@HOSTNAME@"
SPHINX_DB_PORT="3306"
ADMIN_CONSOLE_ADMIN_MAIL="mbp@kaltura.com"
ADMIN_CONSOLE_PASSWORD="mypasswd"
CDN_HOST="@HOSTNAME@"
ENVIRONMENT_NAME="Kaltura Video Platform"
CONFIG_CHOICE="0"
IS_SSL="y"
RED5_HOST="@HOSTNAME@"
USER_CONSENT=0
CRT_FILE=/etc/ssl/certs/localhost.crt
KEY_FILE=/etc/pki/tls/private/localhost.key

